current directory: /Users/shimatanitakahiro/Book_search_app/viteproject-backend/vendor/bundle/ruby/3.3.0/gems/date-3.5.0/ext/date
/Users/shimatanitakahiro/.rbenv/versions/3.3.0/bin/ruby extconf.rb
checking for rb_category_warn()... yes
checking for timezone in time.h with  -Werror... yes
checking for altzone in time.h with  -Werror... no
creating Makefile

current directory: /Users/shimatanitakahiro/Book_search_app/viteproject-backend/vendor/bundle/ruby/3.3.0/gems/date-3.5.0/ext/date
make DESTDIR\= sitearchdir\=./.gem.20251202-11618-rrsif3 sitelibdir\=./.gem.20251202-11618-rrsif3 clean

current directory: /Users/shimatanitakahiro/Book_search_app/viteproject-backend/vendor/bundle/ruby/3.3.0/gems/date-3.5.0/ext/date
make DESTDIR\= sitearchdir\=./.gem.20251202-11618-rrsif3 sitelibdir\=./.gem.20251202-11618-rrsif3
compiling date_core.c
compiling date_parse.c
compiling date_strftime.c
compiling date_strptime.c
linking shared-object date_core.bundle

current directory: /Users/shimatanitakahiro/Book_search_app/viteproject-backend/vendor/bundle/ruby/3.3.0/gems/date-3.5.0/ext/date
make DESTDIR\= sitearchdir\=./.gem.20251202-11618-rrsif3 sitelibdir\=./.gem.20251202-11618-rrsif3 install
/usr/bin/install -c -m 0755 date_core.bundle ./.gem.20251202-11618-rrsif3

current directory: /Users/shimatanitakahiro/Book_search_app/viteproject-backend/vendor/bundle/ruby/3.3.0/gems/date-3.5.0/ext/date
make DESTDIR\= sitearchdir\=./.gem.20251202-11618-rrsif3 sitelibdir\=./.gem.20251202-11618-rrsif3 clean
