current directory: /Users/shimatanitakahiro/Book_search_app/viteproject-backend/vendor/bundle/ruby/3.3.0/gems/json-2.16.0/ext/json/ext/parser
/Users/shimatanitakahiro/.rbenv/versions/3.3.0/bin/ruby extconf.rb
checking for rb_enc_interned_str() in ruby/encoding.h... yes
checking for rb_str_to_interned_str() in ruby.h... yes
checking for rb_hash_new_capa() in ruby.h... yes
checking for rb_hash_bulk_insert() in ruby.h... yes
checking for strnlen() in string.h... yes
checking for whether -std=c99 is accepted as CFLAGS... yes
checking for x86intrin.h... yes
checking for cpuid.h... yes
creating Makefile

current directory: /Users/shimatanitakahiro/Book_search_app/viteproject-backend/vendor/bundle/ruby/3.3.0/gems/json-2.16.0/ext/json/ext/parser
make DESTDIR\= sitearchdir\=./.gem.20251202-11618-29jopp sitelibdir\=./.gem.20251202-11618-29jopp clean

current directory: /Users/shimatanitakahiro/Book_search_app/viteproject-backend/vendor/bundle/ruby/3.3.0/gems/json-2.16.0/ext/json/ext/parser
make DESTDIR\= sitearchdir\=./.gem.20251202-11618-29jopp sitelibdir\=./.gem.20251202-11618-29jopp
compiling parser.c
linking shared-object json/ext/parser.bundle

current directory: /Users/shimatanitakahiro/Book_search_app/viteproject-backend/vendor/bundle/ruby/3.3.0/gems/json-2.16.0/ext/json/ext/parser
make DESTDIR\= sitearchdir\=./.gem.20251202-11618-29jopp sitelibdir\=./.gem.20251202-11618-29jopp install
/usr/bin/install -c -m 0755 parser.bundle ./.gem.20251202-11618-29jopp/json/ext

current directory: /Users/shimatanitakahiro/Book_search_app/viteproject-backend/vendor/bundle/ruby/3.3.0/gems/json-2.16.0/ext/json/ext/parser
make DESTDIR\= sitearchdir\=./.gem.20251202-11618-29jopp sitelibdir\=./.gem.20251202-11618-29jopp clean
